  MARP10-4.cpp
C:\Users\jose_\OneDrive\Escritorio\MARP-2025\EjerciciosTema10MARP\MARP10-4\Matriz.h(42,48): warning C4267: 'return': conversión de 'size_t' a 'int'; posible pérdida de datos
  (compilando archivo de origen "MARP10-4.cpp")
      C:\Users\jose_\OneDrive\Escritorio\MARP-2025\EjerciciosTema10MARP\MARP10-4\Matriz.h(42,48):
      el contexto de creación de instancias de la plantilla (el más antiguo primero) es
          C:\Users\jose_\OneDrive\Escritorio\MARP-2025\EjerciciosTema10MARP\MARP10-4\MARP10-4.cpp(29,27):
          Vea la referencia a la creación de una instancia de clase plantilla "Matriz<int>" que se está compilando
          C:\Users\jose_\OneDrive\Escritorio\MARP-2025\EjerciciosTema10MARP\MARP10-4\Matriz.h(42,9):
          al compilar la función del miembro clase plantilla "int Matriz<int>::numcols(void) const"
              C:\Users\jose_\OneDrive\Escritorio\MARP-2025\EjerciciosTema10MARP\MARP10-4\MARP10-4.cpp(29,5):
              vea la primera referencia a “Matriz<int>::numcols” en “suma_casillas”
  
C:\Users\jose_\OneDrive\Escritorio\MARP-2025\EjerciciosTema10MARP\MARP10-4\Matriz.h(41,44): warning C4267: 'return': conversión de 'size_t' a 'int'; posible pérdida de datos
  (compilando archivo de origen "MARP10-4.cpp")
      C:\Users\jose_\OneDrive\Escritorio\MARP-2025\EjerciciosTema10MARP\MARP10-4\Matriz.h(41,44):
      el contexto de creación de instancias de la plantilla (el más antiguo primero) es
          C:\Users\jose_\OneDrive\Escritorio\MARP-2025\EjerciciosTema10MARP\MARP10-4\Matriz.h(41,9):
          al compilar la función del miembro clase plantilla "int Matriz<int>::numfils(void) const"
              C:\Users\jose_\OneDrive\Escritorio\MARP-2025\EjerciciosTema10MARP\MARP10-4\MARP10-4.cpp(29,5):
              vea la primera referencia a “Matriz<int>::numfils” en “suma_casillas”
  
  MARP10-4.vcxproj -> C:\Users\jose_\OneDrive\Escritorio\MARP-2025\EjerciciosTema10MARP\x64\Debug\MARP10-4.exe
