  MARP2-3.cpp
C:\Program Files\Microsoft Visual Studio\2022\Community\VC\Tools\MSVC\14.44.35207\include\type_traits(2379,54): error C2678: '<' binario: no se encontró un operador que adopte un operando en la parte izquierda de tipo 'const _Ty' (o bien no existe una conversión aceptable)
C:\Program Files\Microsoft Visual Studio\2022\Community\VC\Tools\MSVC\14.44.35207\include\type_traits(2379,54): error C2678:         with
C:\Program Files\Microsoft Visual Studio\2022\Community\VC\Tools\MSVC\14.44.35207\include\type_traits(2379,54): error C2678:         [
C:\Program Files\Microsoft Visual Studio\2022\Community\VC\Tools\MSVC\14.44.35207\include\type_traits(2379,54): error C2678:             _Ty=Caja
C:\Program Files\Microsoft Visual Studio\2022\Community\VC\Tools\MSVC\14.44.35207\include\type_traits(2379,54): error C2678:         ]
  (compilando archivo de origen "MARP2-3.cpp")
      C:\Users\jose_\OneDrive\Escritorio\MARP-2025\EjerciciosTema2MARP\MARP2-3\MARP2-3.cpp(37,7):
      puede ser 'bool Caja::operator <(const Caja &)'
          C:\Program Files\Microsoft Visual Studio\2022\Community\VC\Tools\MSVC\14.44.35207\include\type_traits(2379,54):
          'bool Caja::operator <(const Caja &)': no se puede convertir el puntero 'this' de 'const _Ty' a 'Caja &'
          with
          [
              _Ty=Caja
          ]
              C:\Program Files\Microsoft Visual Studio\2022\Community\VC\Tools\MSVC\14.44.35207\include\type_traits(2379,54):
              Se pierden calificadores en la conversión
      C:\Program Files\Microsoft Visual Studio\2022\Community\VC\Tools\MSVC\14.44.35207\include\queue(192,17):
      o       'bool std::operator <(const std::queue<_Ty,_Container> &,const std::queue<_Ty,_Container> &)'
          C:\Program Files\Microsoft Visual Studio\2022\Community\VC\Tools\MSVC\14.44.35207\include\type_traits(2379,54):
          "bool std::operator <(const std::queue<_Ty,_Container> &,const std::queue<_Ty,_Container> &)": no se pudo deducir el argumento plantilla para "const std::queue<_Ty,_Container> &" de "const _Ty"
          with
          [
              _Ty=Caja
          ]
      C:\Program Files\Microsoft Visual Studio\2022\Community\VC\Tools\MSVC\14.44.35207\include\deque(1811,17):
      o       'bool std::operator <(const std::deque<_Ty,_Alloc> &,const std::deque<_Ty,_Alloc> &)'
          C:\Program Files\Microsoft Visual Studio\2022\Community\VC\Tools\MSVC\14.44.35207\include\type_traits(2379,54):
          "bool std::operator <(const std::deque<_Ty,_Alloc> &,const std::deque<_Ty,_Alloc> &)": no se pudo deducir el argumento plantilla para "const std::deque<_Ty,_Alloc> &" de "const _Ty"
          with
          [
              _Ty=Caja
          ]
      C:\Program Files\Microsoft Visual Studio\2022\Community\VC\Tools\MSVC\14.44.35207\include\vector(2356,30):
      o       'bool std::operator <(const std::vector<_Ty,_Alloc> &,const std::vector<_Ty,_Alloc> &)'
          C:\Program Files\Microsoft Visual Studio\2022\Community\VC\Tools\MSVC\14.44.35207\include\type_traits(2379,54):
          "bool std::operator <(const std::vector<_Ty,_Alloc> &,const std::vector<_Ty,_Alloc> &)": no se pudo deducir el argumento plantilla para "const std::vector<_Ty,_Alloc> &" de "const _Ty"
          with
          [
              _Ty=Caja
          ]
      C:\Program Files\Microsoft Visual Studio\2022\Community\VC\Tools\MSVC\14.44.35207\include\memory(3740,30):
      o       'bool std::operator <(std::nullptr_t,const std::unique_ptr<_Ty,_Dx> &)'
          C:\Program Files\Microsoft Visual Studio\2022\Community\VC\Tools\MSVC\14.44.35207\include\type_traits(2379,54):
          "bool std::operator <(std::nullptr_t,const std::unique_ptr<_Ty,_Dx> &)": no se pudo deducir el argumento plantilla para "const std::unique_ptr<_Ty,_Dx> &" de "const _Ty"
          with
          [
              _Ty=Caja
          ]
      C:\Program Files\Microsoft Visual Studio\2022\Community\VC\Tools\MSVC\14.44.35207\include\memory(3734,30):
      o       'bool std::operator <(const std::unique_ptr<_Ty,_Dx> &,std::nullptr_t)'
          C:\Program Files\Microsoft Visual Studio\2022\Community\VC\Tools\MSVC\14.44.35207\include\type_traits(2379,54):
          "bool std::operator <(const std::unique_ptr<_Ty,_Dx> &,std::nullptr_t)": no se pudo deducir el argumento plantilla para "const std::unique_ptr<_Ty,_Dx> &" de "const _Ty"
          with
          [
              _Ty=Caja
          ]
      C:\Program Files\Microsoft Visual Studio\2022\Community\VC\Tools\MSVC\14.44.35207\include\memory(3678,17):
      o       'bool std::operator <(const std::unique_ptr<_Ty,_Dx> &,const std::unique_ptr<_Ty2,_Dx2> &)'
          C:\Program Files\Microsoft Visual Studio\2022\Community\VC\Tools\MSVC\14.44.35207\include\type_traits(2379,54):
          "bool std::operator <(const std::unique_ptr<_Ty,_Dx> &,const std::unique_ptr<_Ty2,_Dx2> &)": no se pudo deducir el argumento plantilla para "const std::unique_ptr<_Ty,_Dx> &" de "const _Ty"
          with
          [
              _Ty=Caja
          ]
      C:\Program Files\Microsoft Visual Studio\2022\Community\VC\Tools\MSVC\14.44.35207\include\memory(1948,17):
      o       'bool std::operator <(std::nullptr_t,const std::shared_ptr<_Ty> &) noexcept'
          C:\Program Files\Microsoft Visual Studio\2022\Community\VC\Tools\MSVC\14.44.35207\include\type_traits(2379,54):
          "bool std::operator <(std::nullptr_t,const std::shared_ptr<_Ty> &) noexcept": no se pudo deducir el argumento plantilla para "const std::shared_ptr<_Ty> &" de "const _Ty"
          with
          [
              _Ty=Caja
          ]
      C:\Program Files\Microsoft Visual Studio\2022\Community\VC\Tools\MSVC\14.44.35207\include\memory(1943,17):
      o       'bool std::operator <(const std::shared_ptr<_Ty> &,std::nullptr_t) noexcept'
          C:\Program Files\Microsoft Visual Studio\2022\Community\VC\Tools\MSVC\14.44.35207\include\type_traits(2379,54):
          "bool std::operator <(const std::shared_ptr<_Ty> &,std::nullptr_t) noexcept": no se pudo deducir el argumento plantilla para "const std::shared_ptr<_Ty> &" de "const _Ty"
          with
          [
              _Ty=Caja
          ]
      C:\Program Files\Microsoft Visual Studio\2022\Community\VC\Tools\MSVC\14.44.35207\include\memory(1896,17):
      o       'bool std::operator <(const std::shared_ptr<_Ty> &,const std::shared_ptr<_Ty0> &) noexcept'
          C:\Program Files\Microsoft Visual Studio\2022\Community\VC\Tools\MSVC\14.44.35207\include\type_traits(2379,54):
          "bool std::operator <(const std::shared_ptr<_Ty> &,const std::shared_ptr<_Ty0> &) noexcept": no se pudo deducir el argumento plantilla para "const std::shared_ptr<_Ty> &" de "const _Ty"
          with
          [
              _Ty=Caja
          ]
      C:\Program Files\Microsoft Visual Studio\2022\Community\VC\Tools\MSVC\14.44.35207\include\xstring(3318,17):
      o       'bool std::operator <(const std::basic_string<_Elem,_Traits,_Alloc> &,const _Elem *const ) noexcept'
          C:\Program Files\Microsoft Visual Studio\2022\Community\VC\Tools\MSVC\14.44.35207\include\type_traits(2379,54):
          "bool std::operator <(const std::basic_string<_Elem,_Traits,_Alloc> &,const _Elem *const ) noexcept": no se pudo deducir el argumento plantilla para "const std::basic_string<_Elem,_Traits,_Alloc> &" de "const _Ty"
          with
          [
              _Ty=Caja
          ]
      C:\Program Files\Microsoft Visual Studio\2022\Community\VC\Tools\MSVC\14.44.35207\include\xstring(3312,17):
      o       'bool std::operator <(const _Elem *const ,const std::basic_string<_Elem,_Traits,_Alloc> &) noexcept'
          C:\Program Files\Microsoft Visual Studio\2022\Community\VC\Tools\MSVC\14.44.35207\include\type_traits(2379,54):
          "bool std::operator <(const _Elem *const ,const std::basic_string<_Elem,_Traits,_Alloc> &) noexcept": no se pudo deducir el argumento plantilla para "const _Elem *const " de "const _Ty"
          with
          [
              _Ty=Caja
          ]
      C:\Program Files\Microsoft Visual Studio\2022\Community\VC\Tools\MSVC\14.44.35207\include\xstring(3306,17):
      o       'bool std::operator <(const std::basic_string<_Elem,_Traits,_Alloc> &,const std::basic_string<_Elem,_Traits,_Alloc> &) noexcept'
          C:\Program Files\Microsoft Visual Studio\2022\Community\VC\Tools\MSVC\14.44.35207\include\type_traits(2379,54):
          "bool std::operator <(const std::basic_string<_Elem,_Traits,_Alloc> &,const std::basic_string<_Elem,_Traits,_Alloc> &) noexcept": no se pudo deducir el argumento plantilla para "const std::basic_string<_Elem,_Traits,_Alloc> &" de "const _Ty"
          with
          [
              _Ty=Caja
          ]
      C:\Program Files\Microsoft Visual Studio\2022\Community\VC\Tools\MSVC\14.44.35207\include\xutility(4478,30):
      o       'bool std::operator <(const std::move_iterator<_Iter> &,const std::move_iterator<_Iter2> &) noexcept(<expr>)'
          C:\Program Files\Microsoft Visual Studio\2022\Community\VC\Tools\MSVC\14.44.35207\include\type_traits(2379,54):
          "bool std::operator <(const std::move_iterator<_Iter> &,const std::move_iterator<_Iter2> &) noexcept(<expr>)": no se pudo deducir el argumento plantilla para "const std::move_iterator<_Iter> &" de "const _Ty"
          with
          [
              _Ty=Caja
          ]
      C:\Program Files\Microsoft Visual Studio\2022\Community\VC\Tools\MSVC\14.44.35207\include\xutility(1920,30):
      o       'bool std::operator <(const std::reverse_iterator<_BidIt> &,const std::reverse_iterator<_BidIt2> &) noexcept(<expr>)'
          C:\Program Files\Microsoft Visual Studio\2022\Community\VC\Tools\MSVC\14.44.35207\include\type_traits(2379,54):
          "bool std::operator <(const std::reverse_iterator<_BidIt> &,const std::reverse_iterator<_BidIt2> &) noexcept(<expr>)": no se pudo deducir el argumento plantilla para "const std::reverse_iterator<_BidIt> &" de "const _Ty"
          with
          [
              _Ty=Caja
          ]
      C:\Program Files\Microsoft Visual Studio\2022\Community\VC\Tools\MSVC\14.44.35207\include\utility(524,27):
      o       'bool std::operator <(const std::pair<_Ty1,_Ty2> &,const std::pair<_Uty1,_Uty2> &)'
          C:\Program Files\Microsoft Visual Studio\2022\Community\VC\Tools\MSVC\14.44.35207\include\type_traits(2379,54):
          "bool std::operator <(const std::pair<_Ty1,_Ty2> &,const std::pair<_Uty1,_Uty2> &)": no se pudo deducir el argumento plantilla para "const std::pair<_Ty1,_Ty2> &" de "const _Ty"
          with
          [
              _Ty=Caja
          ]
      C:\Program Files\Microsoft Visual Studio\2022\Community\VC\Tools\MSVC\14.44.35207\include\type_traits(2379,54):
      al hacer coincidir la lista de argumentos '(const _Ty, const _Ty)'
          with
          [
              _Ty=Caja
          ]
      C:\Program Files\Microsoft Visual Studio\2022\Community\VC\Tools\MSVC\14.44.35207\include\type_traits(2379,54):
      el contexto de creación de instancias de la plantilla (el más antiguo primero) es
          C:\Users\jose_\OneDrive\Escritorio\MARP-2025\EjerciciosTema2MARP\MARP2-3\MARP2-3.cpp(52,23):
          Vea la referencia a la creación de una instancia de clase plantilla "std::priority_queue<Caja,std::vector<Caja,std::allocator<Caja>>,std::less<_Ty>>" que se está compilando
          with
          [
              _Ty=Caja
          ]
          C:\Program Files\Microsoft Visual Studio\2022\Community\VC\Tools\MSVC\14.44.35207\include\queue(387,10):
          al compilar la función del miembro clase plantilla "void std::priority_queue<Caja,std::vector<Caja,std::allocator<Caja>>,std::less<_Ty>>::push(Caja &&)"
          with
          [
              _Ty=Caja
          ]
              C:\Users\jose_\OneDrive\Escritorio\MARP-2025\EjerciciosTema2MARP\MARP2-3\MARP2-3.cpp(55,13):
              vea la primera referencia a “std::priority_queue<Caja,std::vector<Caja,std::allocator<Caja>>,std::less<_Ty>>::push” en “resuelveCaso”
          with
          [
              _Ty=Caja
          ]
          C:\Program Files\Microsoft Visual Studio\2022\Community\VC\Tools\MSVC\14.44.35207\include\queue(389,14):
          Vea la referencia a la creación de una instancia de la función plantilla "void std::push_heap<std::_Vector_iterator<std::_Vector_val<std::_Simple_types<_Ty>>>,_Fn>(_RanIt,_RanIt,_Pr)" que se está compilando
          with
          [
              _Ty=Caja,
              _Fn=std::less<Caja>,
              _RanIt=std::_Vector_iterator<std::_Vector_val<std::_Simple_types<Caja>>>,
              _Pr=std::less<Caja>
          ]
          C:\Program Files\Microsoft Visual Studio\2022\Community\VC\Tools\MSVC\14.44.35207\include\__msvc_heap_algorithms.hpp(46,14):
          Vea la referencia a la creación de una instancia de la función plantilla "void std::_Push_heap_by_index<Caja*,Caja,_Fn>(_RanIt,__int64,__int64,_Ty &&,_Pr)" que se está compilando
          with
          [
              _Fn=std::less<Caja>,
              _RanIt=Caja *,
              _Ty=Caja,
              _Pr=std::less<Caja>
          ]
          C:\Program Files\Microsoft Visual Studio\2022\Community\VC\Tools\MSVC\14.44.35207\include\__msvc_heap_algorithms.hpp(27,25):
          Vea la referencia a la creación de una instancia de la función plantilla "bool std::_Debug_lt_pred<_Pr&,Caja&,_Ty&>(std::less<_Ty>&,_Ty1,_Ty2) noexcept(<expr>)" que se está compilando
          with
          [
              _Pr=std::less<Caja>,
              _Ty=Caja,
              _Ty1=Caja &,
              _Ty2=Caja &
          ]
  
